// Vitest Snapshot v1, https://vitest.dev/guide/snapshot.html

exports[`HomePage > it should render 1`] = `
<div
  className="mx-auto px-4 sm:px-6 lg:px-8 w-full page lightTheme"
>
  <div
    className="textRight"
  >
    Dark Mode
    <svg
      aria-hidden="true"
      className="svg-inline--fa fa-toggle-off fa-w-18 fa-2x clickable padTop10px"
      data-icon="toggle-off"
      data-prefix="fas"
      focusable="false"
      onClick={[Function]}
      role="img"
      style={{}}
      viewBox="0 0 576 512"
      xmlns="http://www.w3.org/2000/svg"
    >
      <path
        d="M384 64H192C85.961 64 0 149.961 0 256s85.961 192 192 192h192c106.039 0 192-85.961 192-192S490.039 64 384 64zM64 256c0-70.741 57.249-128 128-128 70.741 0 128 57.249 128 128 0 70.741-57.249 128-128 128-70.741 0-128-57.249-128-128zm320 128h-48.905c65.217-72.858 65.236-183.12 0-256H384c70.741 0 128 57.249 128 128 0 70.74-57.249 128-128 128z"
        fill="currentColor"
        style={{}}
      />
    </svg>
  </div>
  <div
    className="app"
  >
    <header
      className="appHeader"
    >
      <img
        alt="logo"
        className="appLogo"
        src="/images/react.svg"
      />
      <h2>
        React App
      </h2>
      <small>
        A React starter app with SSR support.
      </small>
    </header>
    <br />
    <br />
    <div
      className="mx-auto px-4 sm:px-6 lg:px-8 max-w-7xl content"
    >
      <div
        className="flex justify-center"
      >
        <div
          className="w-full sm:w-10/12 md:w-1/3 sm:ml-[8.333333%] md:ml-[33.333333%]"
        >
          <h5
            className="text-lg font-semibold mb-4"
          >
            This starter app was built with:
          </h5>
          <ul
            className="list-disc list-inside space-y-2"
          >
            <li>
              React v18
            </li>
            <li>
              Redux
            </li>
            <li>
              React Router v6
            </li>
            <li>
              Vite v5
            </li>
            <li>
              Babel v7
            </li>
            <li>
              Express v4
            </li>
            <li>
              Configuration (using
               
              <a
                className="text-blue-600 hover:text-blue-800 underline"
                href="https://www.npmjs.com/package/confit"
                target="blank"
              >
                confit
              </a>
               
              /
               
              <a
                className="text-blue-600 hover:text-blue-800 underline"
                href="https://www.npmjs.com/package/meddleware"
                target="blank"
              >
                meddleware
              </a>
              )
            </li>
            <li>
              Code splitting (using React.lazy)
            </li>
            <li>
              Radix UI + Tailwind CSS
            </li>
          </ul>
          <br />
          <br />
          <a
            className="text-blue-600 hover:text-blue-800 underline"
            href="/redux-example"
            onClick={[Function]}
          >
            View Example Page with Redux integration
          </a>
        </div>
      </div>
    </div>
  </div>
</div>
`;
