// Vitest Snapshot v1, https://vitest.dev/guide/snapshot.html

exports[`UsersPage > Default story should render 1`] = `
<div
  className="mx-auto px-4 sm:px-6 lg:px-8 max-w-7xl"
>
  <div
    className="flex justify-center items-center py-12"
  >
    <div
      className="inline-block animate-spin rounded-full border-4 border-solid border-current border-r-transparent align-[-0.125em] motion-reduce:animate-[spin_1.5s_linear_infinite] h-12 w-12"
      role="status"
    >
      <span
        className="sr-only"
      >
        Loading...
      </span>
    </div>
  </div>
</div>
`;
